
> @consolesensei/cloud-ui@1.0.0 test:run
> vitest run


[1m[46m RUN [49m[22m [36mv4.0.18 [39m[90mC:/Users/MUDASSIRFAIZMOHAMMED/Downloads/ConsoleSensei Cloud UI Design - updated[39m

[90mstdout[2m | src/lib/utils/__tests__/analytics.test.ts
[22m[39m[INFO] Analytics session started { sessionId: [32m'session_1769839017510_lqm9f4m7p'[39m }

[90mstdout[2m | src/lib/utils/__tests__/data-fetching.test.ts[2m > [22m[2mData Fetching Utilities[2m > [22m[2mRequestDeduplicator[2m > [22m[2mshould execute request once for duplicate calls
[22m[39m[DEBUG] Returning cached request promise { key: [32m'test-request'[39m }

[90mstdout[2m | src/lib/utils/__tests__/cache.test.ts[2m > [22m[2mCache Utilities[2m > [22m[2mLRUCache[2m > [22m[2mshould set and get values
[22m[39m[DEBUG] Cache hit { key: [32m'key1'[39m, hitRate: [33m100[39m }

[90mstdout[2m | src/lib/utils/__tests__/analytics.test.ts[2m > [22m[2mAnalytics Utilities[2m > [22m[2mAnalytics[2m > [22m[2mshould track events
[22m[39m[INFO] Analytics events cleared [90mundefined[39m

[90mstdout[2m | src/lib/utils/__tests__/cache.test.ts[2m > [22m[2mCache Utilities[2m > [22m[2mLRUCache[2m > [22m[2mshould return null for missing keys
[22m[39m[DEBUG] Cache miss { key: [32m'missing'[39m }

[90mstdout[2m | src/lib/utils/__tests__/analytics.test.ts[2m > [22m[2mAnalytics Utilities[2m > [22m[2mAnalytics[2m > [22m[2mshould track events
[22m[39m[DEBUG] Analytics event { name: [32m'test_event'[39m, category: [32m'test_category'[39m, value: [33m123[39m }

[90mstdout[2m | src/lib/utils/__tests__/analytics.test.ts[2m > [22m[2mAnalytics Utilities[2m > [22m[2mAnalytics[2m > [22m[2mshould track page views
[22m[39m[INFO] Analytics events cleared [90mundefined[39m

[90mstdout[2m | src/lib/utils/__tests__/cache.test.ts[2m > [22m[2mCache Utilities[2m > [22m[2mLRUCache[2m > [22m[2mshould evict LRU entry when full
[22m[39m[DEBUG] Cache evicted LRU entry { key: [32m'key1'[39m }
[DEBUG] Cache miss { key: [32m'key1'[39m }
[DEBUG] Cache hit { key: [32m'key4'[39m, hitRate: [33m50[39m }

[90mstdout[2m | src/lib/utils/__tests__/analytics.test.ts[2m > [22m[2mAnalytics Utilities[2m > [22m[2mAnalytics[2m > [22m[2mshould track page views
[22m[39m[DEBUG] Analytics event { name: [32m'page_view'[39m, category: [32m'navigation'[39m, page: [32m'home'[39m, path: [32m'/'[39m }

[90mstdout[2m | src/lib/utils/__tests__/cache.test.ts[2m > [22m[2mCache Utilities[2m > [22m[2mLRUCache[2m > [22m[2mshould respect TTL expiration
[22m[39m[DEBUG] Cache hit { key: [32m'key1'[39m, hitRate: [33m100[39m }

[90mstdout[2m | src/lib/utils/__tests__/analytics.test.ts[2m > [22m[2mAnalytics Utilities[2m > [22m[2mAnalytics[2m > [22m[2mshould track user actions
[22m[39m[INFO] Analytics events cleared [90mundefined[39m

[90mstdout[2m | src/lib/utils/__tests__/analytics.test.ts[2m > [22m[2mAnalytics Utilities[2m > [22m[2mAnalytics[2m > [22m[2mshould track user actions
[22m[39m[DEBUG] Analytics event {
  name: [32m'click'[39m,
  category: [32m'user_action'[39m,
  target: [32m'button'[39m,
  text: [32m'Submit'[39m
}

[90mstdout[2m | src/lib/utils/__tests__/analytics.test.ts[2m > [22m[2mAnalytics Utilities[2m > [22m[2mAnalytics[2m > [22m[2mshould track errors
[22m[39m[INFO] Analytics events cleared [90mundefined[39m

[90mstdout[2m | src/lib/utils/__tests__/analytics.test.ts[2m > [22m[2mAnalytics Utilities[2m > [22m[2mAnalytics[2m > [22m[2mshould track errors
[22m[39m[DEBUG] Analytics event {
  name: [32m'api_error'[39m,
  category: [32m'error'[39m,
  code: [32m'NETWORK'[39m,
  endpoint: [32m'/api/data'[39m
}

 [32mΓ£ô[39m src/lib/utils/__tests__/validation.test.ts [2m([22m[2m21 tests[22m[2m)[22m[32m 58[2mms[22m[39m
[90mstdout[2m | src/lib/utils/__tests__/analytics.test.ts[2m > [22m[2mAnalytics Utilities[2m > [22m[2mAnalytics[2m > [22m[2mshould track features
[22m[39m[INFO] Analytics events cleared [90mundefined[39m

[90mstdout[2m | src/lib/utils/__tests__/analytics.test.ts[2m > [22m[2mAnalytics Utilities[2m > [22m[2mAnalytics[2m > [22m[2mshould track features
[22m[39m[DEBUG] Analytics event { name: [32m'cost_optimization'[39m, category: [32m'feature'[39m }

[90mstdout[2m | src/lib/utils/__tests__/analytics.test.ts[2m > [22m[2mAnalytics Utilities[2m > [22m[2mAnalytics[2m > [22m[2mshould track performance metrics
[22m[39m[INFO] Analytics events cleared [90mundefined[39m

[90mstdout[2m | src/lib/utils/__tests__/analytics.test.ts[2m > [22m[2mAnalytics Utilities[2m > [22m[2mAnalytics[2m > [22m[2mshould track performance metrics
[22m[39m[DEBUG] Analytics event {
  name: [32m'api_response_time'[39m,
  category: [32m'performance'[39m,
  value: [33m250[39m,
  unit: [32m'ms'[39m
}

[90mstdout[2m | src/lib/utils/__tests__/analytics.test.ts[2m > [22m[2mAnalytics Utilities[2m > [22m[2mAnalytics[2m > [22m[2mshould set user ID
[22m[39m[INFO] Analytics events cleared [90mundefined[39m

[90mstdout[2m | src/lib/utils/__tests__/analytics.test.ts[2m > [22m[2mAnalytics Utilities[2m > [22m[2mAnalytics[2m > [22m[2mshould set user ID
[22m[39m[DEBUG] Analytics event { name: [32m'test'[39m, category: [32m'test'[39m }

[90mstdout[2m | src/lib/utils/__tests__/analytics.test.ts[2m > [22m[2mAnalytics Utilities[2m > [22m[2mAnalytics[2m > [22m[2mshould get analytics summary
[22m[39m[INFO] Analytics events cleared [90mundefined[39m

[90mstdout[2m | src/lib/utils/__tests__/analytics.test.ts[2m > [22m[2mAnalytics Utilities[2m > [22m[2mAnalytics[2m > [22m[2mshould get analytics summary
[22m[39m[DEBUG] Analytics event { name: [32m'event1'[39m, category: [32m'category1'[39m }
[DEBUG] Analytics event { name: [32m'event2'[39m, category: [32m'category2'[39m }

[90mstdout[2m | src/lib/utils/__tests__/analytics.test.ts[2m > [22m[2mAnalytics Utilities[2m > [22m[2mAnalytics[2m > [22m[2mshould enable/disable analytics
[22m[39m[INFO] Analytics events cleared [90mundefined[39m

 [32mΓ£ô[39m src/lib/utils/__tests__/error-handler.test.ts [2m([22m[2m12 tests[22m[2m)[22m[32m 73[2mms[22m[39m
[90mstdout[2m | src/lib/utils/__tests__/analytics.test.ts[2m > [22m[2mAnalytics Utilities[2m > [22m[2mAnalytics[2m > [22m[2mshould enable/disable analytics
[22m[39m[INFO] Analytics { enabled: [33mfalse[39m }
[INFO] Analytics { enabled: [33mtrue[39m }
[DEBUG] Analytics event { name: [32m'test'[39m, category: [32m'test'[39m }

[90mstdout[2m | src/lib/utils/__tests__/analytics.test.ts[2m > [22m[2mAnalytics Utilities[2m > [22m[2mAnalytics[2m > [22m[2mshould export analytics data
[22m[39m[INFO] Analytics events cleared [90mundefined[39m

[90mstdout[2m | src/lib/utils/__tests__/analytics.test.ts[2m > [22m[2mAnalytics Utilities[2m > [22m[2mAnalytics[2m > [22m[2mshould export analytics data
[22m[39m[DEBUG] Analytics event { name: [32m'test'[39m, category: [32m'test'[39m }

[90mstdout[2m | src/lib/utils/__tests__/analytics.test.ts[2m > [22m[2mAnalytics Utilities[2m > [22m[2mFunnelTracker[2m > [22m[2mshould track funnel steps
[22m[39m[INFO] Analytics events cleared [90mundefined[39m

[90mstdout[2m | src/lib/utils/__tests__/analytics.test.ts[2m > [22m[2mAnalytics Utilities[2m > [22m[2mFunnelTracker[2m > [22m[2mshould track funnel steps
[22m[39m[DEBUG] Analytics event {
  name: [32m'funnel_signup'[39m,
  category: [32m'funnel'[39m,
  step: [32m'email_entered'[39m,
  stepNumber: [33m1[39m
}
[DEBUG] Analytics event {
  name: [32m'funnel_signup'[39m,
  category: [32m'funnel'[39m,
  step: [32m'password_entered'[39m,
  stepNumber: [33m2[39m
}

[90mstdout[2m | src/lib/utils/__tests__/analytics.test.ts[2m > [22m[2mAnalytics Utilities[2m > [22m[2mFunnelTracker[2m > [22m[2mshould complete funnel
[22m[39m[INFO] Analytics events cleared [90mundefined[39m

[90mstdout[2m | src/lib/utils/__tests__/analytics.test.ts[2m > [22m[2mAnalytics Utilities[2m > [22m[2mFunnelTracker[2m > [22m[2mshould complete funnel
[22m[39m[DEBUG] Analytics event {
  name: [32m'funnel_signup'[39m,
  category: [32m'funnel'[39m,
  step: [32m'step1'[39m,
  stepNumber: [33m3[39m
}
[DEBUG] Analytics event {
  name: [32m'funnel_completed'[39m,
  category: [32m'funnel'[39m,
  funnel: [32m'signup'[39m,
  steps: [33m3[39m
}

[90mstdout[2m | src/lib/utils/__tests__/analytics.test.ts[2m > [22m[2mAnalytics Utilities[2m > [22m[2mFunnelTracker[2m > [22m[2mshould track abandoned funnel
[22m[39m[INFO] Analytics events cleared [90mundefined[39m

[90mstdout[2m | src/lib/utils/__tests__/analytics.test.ts[2m > [22m[2mAnalytics Utilities[2m > [22m[2mFunnelTracker[2m > [22m[2mshould track abandoned funnel
[22m[39m[DEBUG] Analytics event {
  name: [32m'funnel_signup'[39m,
  category: [32m'funnel'[39m,
  step: [32m'step1'[39m,
  stepNumber: [33m1[39m
}
[DEBUG] Analytics event {
  name: [32m'funnel_abandoned'[39m,
  category: [32m'funnel'[39m,
  funnel: [32m'signup'[39m,
  abandonedAtStep: [33m1[39m
}

[90mstdout[2m | src/lib/utils/__tests__/analytics.test.ts[2m > [22m[2mAnalytics Utilities[2m > [22m[2mAnalyticsEventEmitter[2m > [22m[2mshould subscribe and emit events
[22m[39m[INFO] Analytics events cleared [90mundefined[39m

[90mstdout[2m | src/lib/utils/__tests__/analytics.test.ts[2m > [22m[2mAnalytics Utilities[2m > [22m[2mAnalyticsEventEmitter[2m > [22m[2mshould unsubscribe from events
[22m[39m[INFO] Analytics events cleared [90mundefined[39m

[90mstdout[2m | src/lib/utils/__tests__/analytics.test.ts[2m > [22m[2mAnalytics Utilities[2m > [22m[2mAnalyticsEventEmitter[2m > [22m[2mshould remove all listeners for event
[22m[39m[INFO] Analytics events cleared [90mundefined[39m

[90mstdout[2m | src/lib/utils/__tests__/analytics.test.ts[2m > [22m[2mAnalytics Utilities[2m > [22m[2mAnalyticsEventEmitter[2m > [22m[2mshould clear all listeners
[22m[39m[INFO] Analytics events cleared [90mundefined[39m

 [32mΓ£ô[39m src/lib/utils/__tests__/analytics.test.ts [2m([22m[2m17 tests[22m[2m)[22m[32m 83[2mms[22m[39m
[90mstdout[2m | src/lib/utils/__tests__/data-fetching.test.ts[2m > [22m[2mData Fetching Utilities[2m > [22m[2mRequestDeduplicator[2m > [22m[2mshould clear pending requests
[22m[39m[INFO] Cleared all pending requests [90mundefined[39m

[90mstdout[2m | src/lib/utils/__tests__/data-fetching.test.ts[2m > [22m[2mData Fetching Utilities[2m > [22m[2mOfflineQueue[2m > [22m[2mshould enqueue requests
[22m[39m[INFO] Offline queue cleared [90mundefined[39m

[90mstdout[2m | src/lib/utils/__tests__/data-fetching.test.ts[2m > [22m[2mData Fetching Utilities[2m > [22m[2mOfflineQueue[2m > [22m[2mshould enqueue requests
[22m[39m[INFO] Request added to offline queue { method: [32m'POST'[39m, url: [32m'/api/data'[39m }

[90mstdout[2m | src/lib/utils/__tests__/data-fetching.test.ts[2m > [22m[2mData Fetching Utilities[2m > [22m[2mOfflineQueue[2m > [22m[2mshould dequeue requests
[22m[39m[DEBUG] Loaded offline queue from storage { size: [33m1[39m }
[INFO] Offline queue cleared [90mundefined[39m

[90mstdout[2m | src/lib/utils/__tests__/data-fetching.test.ts[2m > [22m[2mData Fetching Utilities[2m > [22m[2mOfflineQueue[2m > [22m[2mshould dequeue requests
[22m[39m[INFO] Request added to offline queue { method: [32m'POST'[39m, url: [32m'/api/data'[39m }

[90mstdout[2m | src/lib/utils/__tests__/data-fetching.test.ts[2m > [22m[2mData Fetching Utilities[2m > [22m[2mOfflineQueue[2m > [22m[2mshould clear queue
[22m[39m[DEBUG] Loaded offline queue from storage { size: [33m0[39m }
[INFO] Offline queue cleared [90mundefined[39m

[90mstdout[2m | src/lib/utils/__tests__/data-fetching.test.ts[2m > [22m[2mData Fetching Utilities[2m > [22m[2mOfflineQueue[2m > [22m[2mshould clear queue
[22m[39m[INFO] Request added to offline queue { method: [32m'POST'[39m, url: [32m'/api/data'[39m }
[INFO] Request added to offline queue { method: [32m'GET'[39m, url: [32m'/api/data'[39m }
[INFO] Offline queue cleared [90mundefined[39m

[90mstdout[2m | src/lib/utils/__tests__/data-fetching.test.ts[2m > [22m[2mData Fetching Utilities[2m > [22m[2mOfflineQueue[2m > [22m[2mshould track online status
[22m[39m[DEBUG] Loaded offline queue from storage { size: [33m0[39m }
[INFO] Offline queue cleared [90mundefined[39m

[90mstdout[2m | src/lib/utils/__tests__/data-fetching.test.ts[2m > [22m[2mData Fetching Utilities[2m > [22m[2mBatchProcessor[2m > [22m[2mshould process batches
[22m[39m[DEBUG] Processing batch { size: [33m3[39m }

[90mstdout[2m | src/lib/utils/__tests__/cache.test.ts[2m > [22m[2mCache Utilities[2m > [22m[2mLRUCache[2m > [22m[2mshould respect TTL expiration
[22m[39m[DEBUG] Cache expired { key: [32m'key1'[39m }

[90mstdout[2m | src/lib/utils/__tests__/cache.test.ts[2m > [22m[2mCache Utilities[2m > [22m[2mLRUCache[2m > [22m[2mshould track cache statistics
[22m[39m[DEBUG] Cache hit { key: [32m'key1'[39m, hitRate: [33m100[39m }
[DEBUG] Cache miss { key: [32m'missing'[39m }
[DEBUG] Cache hit { key: [32m'key1'[39m, hitRate: [33m66.67[39m }

[90mstdout[2m | src/lib/utils/__tests__/cache.test.ts[2m > [22m[2mCache Utilities[2m > [22m[2mLRUCache[2m > [22m[2mshould clear cache
[22m[39m[INFO] Cache cleared [90mundefined[39m
[DEBUG] Cache miss { key: [32m'key1'[39m }

[90mstdout[2m | src/lib/utils/__tests__/cache.test.ts[2m > [22m[2mCache Utilities[2m > [22m[2mStorageCache[2m > [22m[2mshould set and get items from storage
[22m[39m[INFO] Storage cache cleared [90mundefined[39m

[90mstdout[2m | src/lib/utils/__tests__/cache.test.ts[2m > [22m[2mCache Utilities[2m > [22m[2mStorageCache[2m > [22m[2mshould set and get items from storage
[22m[39m[DEBUG] Item cached to storage { key: [32m'key1'[39m }
[DEBUG] Item retrieved from storage { key: [32m'key1'[39m }

[90mstdout[2m | src/lib/utils/__tests__/cache.test.ts[2m > [22m[2mCache Utilities[2m > [22m[2mStorageCache[2m > [22m[2mshould return null for missing items
[22m[39m[INFO] Storage cache cleared [90mundefined[39m

[90mstdout[2m | src/lib/utils/__tests__/cache.test.ts[2m > [22m[2mCache Utilities[2m > [22m[2mStorageCache[2m > [22m[2mshould respect TTL expiration
[22m[39m[INFO] Storage cache cleared [90mundefined[39m

[90mstdout[2m | src/lib/utils/__tests__/cache.test.ts[2m > [22m[2mCache Utilities[2m > [22m[2mStorageCache[2m > [22m[2mshould respect TTL expiration
[22m[39m[DEBUG] Item cached to storage { key: [32m'key1'[39m }
[DEBUG] Item retrieved from storage { key: [32m'key1'[39m }

[90mstdout[2m | src/lib/utils/__tests__/data-fetching.test.ts[2m > [22m[2mData Fetching Utilities[2m > [22m[2mBatchProcessor[2m > [22m[2mshould flush on manual call
[22m[39m[DEBUG] Processing batch { size: [33m2[39m }

 [32mΓ£ô[39m src/lib/utils/__tests__/data-fetching.test.ts [2m([22m[2m9 tests[22m[2m)[22m[33m 311[2mms[22m[39m
[90mstdout[2m | src/lib/utils/__tests__/cache.test.ts[2m > [22m[2mCache Utilities[2m > [22m[2mStorageCache[2m > [22m[2mshould remove items
[22m[39m[INFO] Storage cache cleared [90mundefined[39m

[90mstdout[2m | src/lib/utils/__tests__/cache.test.ts[2m > [22m[2mCache Utilities[2m > [22m[2mStorageCache[2m > [22m[2mshould remove items
[22m[39m[DEBUG] Item cached to storage { key: [32m'key1'[39m }

[90mstdout[2m | src/lib/utils/__tests__/cache.test.ts[2m > [22m[2mCache Utilities[2m > [22m[2mStorageCache[2m > [22m[2mshould clear all items
[22m[39m[INFO] Storage cache cleared [90mundefined[39m

[90mstdout[2m | src/lib/utils/__tests__/cache.test.ts[2m > [22m[2mCache Utilities[2m > [22m[2mStorageCache[2m > [22m[2mshould clear all items
[22m[39m[DEBUG] Item cached to storage { key: [32m'key1'[39m }
[DEBUG] Item cached to storage { key: [32m'key2'[39m }
[INFO] Storage cache cleared [90mundefined[39m

 [32mΓ£ô[39m src/lib/utils/__tests__/cache.test.ts [2m([22m[2m12 tests[22m[2m)[22m[33m 377[2mms[22m[39m
node.exe : [90mstderr[2m | src/app/components/__tests__/button.test.tsx[2m > 
[22m[2mButton[2m > [22m[2mrenders button with text
At line:1 char:1
+ & "C:\Program Files\nodejs/node.exe" "C:\Program Files\nodejs/node_mo ...
+ ~~~~~~~~~~~~~~~~~~~~~~~~~~~~~~~~~~~~~~~~~~~~~~~~~~~~~~~~~~~~~~~~~~~~~
    + CategoryInfo          : NotSpecified: ([90mstderr[2m...utton with text:String) [], R 
   emoteException
    + FullyQualifiedErrorId : NativeCommandError
 
[22m[39mWarning: An update to AuthProvider inside a test was not wrapped in act(...).

When testing, code that causes React state updates should be wrapped into act(...):

act(() => {
  /* fire events that update state */
});
/* assert on the output */

This ensures that you're testing the behavior the user would see in the browser. Learn more 
at https://reactjs.org/link/wrap-tests-with-act
    at AuthProvider (C:/Users/MUDASSIRFAIZMOHAMMED/Downloads/ConsoleSensei Cloud UI Design - 
updated/src/app/context/auth-context.tsx:14:25)
    at Router (C:\Users\MUDASSIRFAIZMOHAMMED\Downloads\ConsoleSensei Cloud UI Design - 
updated\node_modules\react-router\dist\development\chunk-WICQJKU6.js:9335:13)
    at BrowserRouter (C:\Users\MUDASSIRFAIZMOHAMMED\Downloads\ConsoleSensei Cloud UI Design 
- updated\node_modules\react-router\dist\development\chunk-HMDR2CVH.js:271:3)
    at QueryClientProvider (file:///C:/Users/MUDASSIRFAIZMOHAMMED/Downloads/ConsoleSensei%20C
loud%20UI%20Design%20-%20updated/node_modules/@tanstack/react-query/build/modern/QueryClientP
rovider.js:20:3)
    at AllTheProviders (C:/Users/MUDASSIRFAIZMOHAMMED/Downloads/ConsoleSensei Cloud UI 
Design - updated/src/test/test-utils.tsx:18:28)

[90mstderr[2m | src/app/components/__tests__/button.test.tsx[2m > [22m[2mButton[2m > 
[22m[2mrenders disabled button
[22m[39mWarning: An update to AuthProvider inside a test was not wrapped in act(...).

When testing, code that causes React state updates should be wrapped into act(...):

act(() => {
  /* fire events that update state */
});
/* assert on the output */

This ensures that you're testing the behavior the user would see in the browser. Learn more 
at https://reactjs.org/link/wrap-tests-with-act
    at AuthProvider (C:/Users/MUDASSIRFAIZMOHAMMED/Downloads/ConsoleSensei Cloud UI Design - 
updated/src/app/context/auth-context.tsx:14:25)
    at Router (C:\Users\MUDASSIRFAIZMOHAMMED\Downloads\ConsoleSensei Cloud UI Design - 
updated\node_modules\react-router\dist\development\chunk-WICQJKU6.js:9335:13)
    at BrowserRouter (C:\Users\MUDASSIRFAIZMOHAMMED\Downloads\ConsoleSensei Cloud UI Design 
- updated\node_modules\react-router\dist\development\chunk-HMDR2CVH.js:271:3)
    at QueryClientProvider (file:///C:/Users/MUDASSIRFAIZMOHAMMED/Downloads/ConsoleSensei%20C
loud%20UI%20Design%20-%20updated/node_modules/@tanstack/react-query/build/modern/QueryClientP
rovider.js:20:3)
    at AllTheProviders (C:/Users/MUDASSIRFAIZMOHAMMED/Downloads/ConsoleSensei Cloud UI 
Design - updated/src/test/test-utils.tsx:18:28)

[90mstderr[2m | src/app/components/__tests__/button.test.tsx[2m > [22m[2mButton[2m > 
[22m[2mapplies variant classes
[22m[39mWarning: An update to AuthProvider inside a test was not wrapped in act(...).

When testing, code that causes React state updates should be wrapped into act(...):

act(() => {
  /* fire events that update state */
});
/* assert on the output */

This ensures that you're testing the behavior the user would see in the browser. Learn more 
at https://reactjs.org/link/wrap-tests-with-act
    at AuthProvider (C:/Users/MUDASSIRFAIZMOHAMMED/Downloads/ConsoleSensei Cloud UI Design - 
updated/src/app/context/auth-context.tsx:14:25)
    at Router (C:\Users\MUDASSIRFAIZMOHAMMED\Downloads\ConsoleSensei Cloud UI Design - 
updated\node_modules\react-router\dist\development\chunk-WICQJKU6.js:9335:13)
    at BrowserRouter (C:\Users\MUDASSIRFAIZMOHAMMED\Downloads\ConsoleSensei Cloud UI Design 
- updated\node_modules\react-router\dist\development\chunk-HMDR2CVH.js:271:3)
    at QueryClientProvider (file:///C:/Users/MUDASSIRFAIZMOHAMMED/Downloads/ConsoleSensei%20C
loud%20UI%20Design%20-%20updated/node_modules/@tanstack/react-query/build/modern/QueryClientP
rovider.js:20:3)
    at AllTheProviders (C:/Users/MUDASSIRFAIZMOHAMMED/Downloads/ConsoleSensei Cloud UI 
Design - updated/src/test/test-utils.tsx:18:28)

[90mstderr[2m | src/app/components/__tests__/button.test.tsx[2m > [22m[2mButton[2m > 
[22m[2mapplies size classes
[22m[39mWarning: An update to AuthProvider inside a test was not wrapped in act(...).

When testing, code that causes React state updates should be wrapped into act(...):

act(() => {
  /* fire events that update state */
});
/* assert on the output */

This ensures that you're testing the behavior the user would see in the browser. Learn more 
at https://reactjs.org/link/wrap-tests-with-act
    at AuthProvider (C:/Users/MUDASSIRFAIZMOHAMMED/Downloads/ConsoleSensei Cloud UI Design - 
updated/src/app/context/auth-context.tsx:14:25)
    at Router (C:\Users\MUDASSIRFAIZMOHAMMED\Downloads\ConsoleSensei Cloud UI Design - 
updated\node_modules\react-router\dist\development\chunk-WICQJKU6.js:9335:13)
    at BrowserRouter (C:\Users\MUDASSIRFAIZMOHAMMED\Downloads\ConsoleSensei Cloud UI Design 
- updated\node_modules\react-router\dist\development\chunk-HMDR2CVH.js:271:3)
    at QueryClientProvider (file:///C:/Users/MUDASSIRFAIZMOHAMMED/Downloads/ConsoleSensei%20C
loud%20UI%20Design%20-%20updated/node_modules/@tanstack/react-query/build/modern/QueryClientP
rovider.js:20:3)
    at AllTheProviders (C:/Users/MUDASSIRFAIZMOHAMMED/Downloads/ConsoleSensei Cloud UI 
Design - updated/src/test/test-utils.tsx:18:28)

 [32mΓ£ô[39m src/app/components/__tests__/button.test.tsx [2m([22m[2m4 tests[22m[2m)[22m[33m 861[2mms[22m[39m
     [33m[2mΓ£ô[22m[39m renders button with text [33m 712[2mms[22m[39m
[90mstderr[2m | src/app/pages/__tests__/cost-breakdown-page.test.tsx[2m > 
[22m[2mCostBreakdownPage[2m > [22m[2mrenders the page
[22m[39mWarning: The tag <stop> is unrecognized in this browser. If you meant to render a 
React component, start its name with an uppercase letter.
    at stop
    at linearGradient
    at defs
    at div
    at AreaChart (C:/Users/MUDASSIRFAIZMOHAMMED/Downloads/ConsoleSensei Cloud UI Design - 
updated/src/app/pages/__tests__/cost-breakdown-page.test.tsx:2:17)
    at div
    at ResponsiveContainer (C:/Users/MUDASSIRFAIZMOHAMMED/Downloads/ConsoleSensei Cloud UI 
Design - updated/src/app/pages/__tests__/cost-breakdown-page.test.tsx:19:27)
    at div
    at CardContent (C:/Users/MUDASSIRFAIZMOHAMMED/Downloads/ConsoleSensei Cloud UI Design - 
updated/src/app/components/ui/card.tsx:109:24)
    at div
    at Card (C:/Users/MUDASSIRFAIZMOHAMMED/Downloads/ConsoleSensei Cloud UI Design - 
updated/src/app/components/ui/card.tsx:10:17)
    at div
    at div
    at CostBreakdownPage (C:/Users/MUDASSIRFAIZMOHAMMED/Downloads/ConsoleSensei Cloud UI 
Design - updated/src/app/pages/cost-breakdown-page.tsx:99:71)
    at AuthProvider (C:/Users/MUDASSIRFAIZMOHAMMED/Downloads/ConsoleSensei Cloud UI Design - 
updated/src/app/context/auth-context.tsx:14:25)
    at Router (C:\Users\MUDASSIRFAIZMOHAMMED\Downloads\ConsoleSensei Cloud UI Design - 
updated\node_modules\react-router\dist\development\chunk-WICQJKU6.js:9335:13)
    at BrowserRouter (C:\Users\MUDASSIRFAIZMOHAMMED\Downloads\ConsoleSensei Cloud UI Design 
- updated\node_modules\react-router\dist\development\chunk-HMDR2CVH.js:271:3)
    at QueryClientProvider (file:///C:/Users/MUDASSIRFAIZMOHAMMED/Downloads/ConsoleSensei%20C
loud%20UI%20Design%20-%20updated/node_modules/@tanstack/react-query/build/modern/QueryClientP
rovider.js:20:3)
    at AllTheProviders (C:/Users/MUDASSIRFAIZMOHAMMED/Downloads/ConsoleSensei Cloud UI 
Design - updated/src/test/test-utils.tsx:18:28)
Warning: <linearGradient /> is using incorrect casing. Use PascalCase for React components, 
or lowercase for HTML elements.
    at linearGradient
    at defs
    at div
    at AreaChart (C:/Users/MUDASSIRFAIZMOHAMMED/Downloads/ConsoleSensei Cloud UI Design - 
updated/src/app/pages/__tests__/cost-breakdown-page.test.tsx:2:17)
    at div
    at ResponsiveContainer (C:/Users/MUDASSIRFAIZMOHAMMED/Downloads/ConsoleSensei Cloud UI 
Design - updated/src/app/pages/__tests__/cost-breakdown-page.test.tsx:19:27)
    at div
    at CardContent (C:/Users/MUDASSIRFAIZMOHAMMED/Downloads/ConsoleSensei Cloud UI Design - 
updated/src/app/components/ui/card.tsx:109:24)
    at div
    at Card (C:/Users/MUDASSIRFAIZMOHAMMED/Downloads/ConsoleSensei Cloud UI Design - 
updated/src/app/components/ui/card.tsx:10:17)
    at div
    at div
    at CostBreakdownPage (C:/Users/MUDASSIRFAIZMOHAMMED/Downloads/ConsoleSensei Cloud UI 
Design - updated/src/app/pages/cost-breakdown-page.tsx:99:71)
    at AuthProvider (C:/Users/MUDASSIRFAIZMOHAMMED/Downloads/ConsoleSensei Cloud UI Design - 
updated/src/app/context/auth-context.tsx:14:25)
    at Router (C:\Users\MUDASSIRFAIZMOHAMMED\Downloads\ConsoleSensei Cloud UI Design - 
updated\node_modules\react-router\dist\development\chunk-WICQJKU6.js:9335:13)
    at BrowserRouter (C:\Users\MUDASSIRFAIZMOHAMMED\Downloads\ConsoleSensei Cloud UI Design 
- updated\node_modules\react-router\dist\development\chunk-HMDR2CVH.js:271:3)
    at QueryClientProvider (file:///C:/Users/MUDASSIRFAIZMOHAMMED/Downloads/ConsoleSensei%20C
loud%20UI%20Design%20-%20updated/node_modules/@tanstack/react-query/build/modern/QueryClientP
rovider.js:20:3)
    at AllTheProviders (C:/Users/MUDASSIRFAIZMOHAMMED/Downloads/ConsoleSensei Cloud UI 
Design - updated/src/test/test-utils.tsx:18:28)
Warning: The tag <linearGradient> is unrecognized in this browser. If you meant to render a 
React component, start its name with an uppercase letter.
    at linearGradient
    at defs
    at div
    at AreaChart (C:/Users/MUDASSIRFAIZMOHAMMED/Downloads/ConsoleSensei Cloud UI Design - 
updated/src/app/pages/__tests__/cost-breakdown-page.test.tsx:2:17)
    at div
    at ResponsiveContainer (C:/Users/MUDASSIRFAIZMOHAMMED/Downloads/ConsoleSensei Cloud UI 
Design - updated/src/app/pages/__tests__/cost-breakdown-page.test.tsx:19:27)
    at div
    at CardContent (C:/Users/MUDASSIRFAIZMOHAMMED/Downloads/ConsoleSensei Cloud UI Design - 
updated/src/app/components/ui/card.tsx:109:24)
    at div
    at Card (C:/Users/MUDASSIRFAIZMOHAMMED/Downloads/ConsoleSensei Cloud UI Design - 
updated/src/app/components/ui/card.tsx:10:17)
    at div
    at div
    at CostBreakdownPage (C:/Users/MUDASSIRFAIZMOHAMMED/Downloads/ConsoleSensei Cloud UI 
Design - updated/src/app/pages/cost-breakdown-page.tsx:99:71)
    at AuthProvider (C:/Users/MUDASSIRFAIZMOHAMMED/Downloads/ConsoleSensei Cloud UI Design - 
updated/src/app/context/auth-context.tsx:14:25)
    at Router (C:\Users\MUDASSIRFAIZMOHAMMED\Downloads\ConsoleSensei Cloud UI Design - 
updated\node_modules\react-router\dist\development\chunk-WICQJKU6.js:9335:13)
    at BrowserRouter (C:\Users\MUDASSIRFAIZMOHAMMED\Downloads\ConsoleSensei Cloud UI Design 
- updated\node_modules\react-router\dist\development\chunk-HMDR2CVH.js:271:3)
    at QueryClientProvider (file:///C:/Users/MUDASSIRFAIZMOHAMMED/Downloads/ConsoleSensei%20C
loud%20UI%20Design%20-%20updated/node_modules/@tanstack/react-query/build/modern/QueryClientP
rovider.js:20:3)
    at AllTheProviders (C:/Users/MUDASSIRFAIZMOHAMMED/Downloads/ConsoleSensei Cloud UI 
Design - updated/src/test/test-utils.tsx:18:28)
Warning: The tag <defs> is unrecognized in this browser. If you meant to render a React 
component, start its name with an uppercase letter.
    at defs
    at div
    at AreaChart (C:/Users/MUDASSIRFAIZMOHAMMED/Downloads/ConsoleSensei Cloud UI Design - 
updated/src/app/pages/__tests__/cost-breakdown-page.test.tsx:2:17)
    at div
    at ResponsiveContainer (C:/Users/MUDASSIRFAIZMOHAMMED/Downloads/ConsoleSensei Cloud UI 
Design - updated/src/app/pages/__tests__/cost-breakdown-page.test.tsx:19:27)
    at div
    at CardContent (C:/Users/MUDASSIRFAIZMOHAMMED/Downloads/ConsoleSensei Cloud UI Design - 
updated/src/app/components/ui/card.tsx:109:24)
    at div
    at Card (C:/Users/MUDASSIRFAIZMOHAMMED/Downloads/ConsoleSensei Cloud UI Design - 
updated/src/app/components/ui/card.tsx:10:17)
    at div
    at div
    at CostBreakdownPage (C:/Users/MUDASSIRFAIZMOHAMMED/Downloads/ConsoleSensei Cloud UI 
Design - updated/src/app/pages/cost-breakdown-page.tsx:99:71)
    at AuthProvider (C:/Users/MUDASSIRFAIZMOHAMMED/Downloads/ConsoleSensei Cloud UI Design - 
updated/src/app/context/auth-context.tsx:14:25)
    at Router (C:\Users\MUDASSIRFAIZMOHAMMED\Downloads\ConsoleSensei Cloud UI Design - 
updated\node_modules\react-router\dist\development\chunk-WICQJKU6.js:9335:13)
    at BrowserRouter (C:\Users\MUDASSIRFAIZMOHAMMED\Downloads\ConsoleSensei Cloud UI Design 
- updated\node_modules\react-router\dist\development\chunk-HMDR2CVH.js:271:3)
    at QueryClientProvider (file:///C:/Users/MUDASSIRFAIZMOHAMMED/Downloads/ConsoleSensei%20C
loud%20UI%20Design%20-%20updated/node_modules/@tanstack/react-query/build/modern/QueryClientP
rovider.js:20:3)
    at AllTheProviders (C:/Users/MUDASSIRFAIZMOHAMMED/Downloads/ConsoleSensei Cloud UI 
Design - updated/src/test/test-utils.tsx:18:28)

 [32mΓ£ô[39m src/hooks/__tests__/use-aws-data.test.tsx [2m([22m[2m3 tests[22m[2m)[22m[33m 2349[2mms[22m[39m
     [33m[2mΓ£ô[22m[39m fetches resources successfully [33m 975[2mms[22m[39m
     [33m[2mΓ£ô[22m[39m fetches alerts successfully [33m 671[2mms[22m[39m
     [33m[2mΓ£ô[22m[39m fetches hygiene score successfully [33m 696[2mms[22m[39m
[90mstderr[2m | src/app/pages/__tests__/cost-breakdown-page.test.tsx[2m > 
[22m[2mCostBreakdownPage[2m > [22m[2mrenders export button
[22m[39mWarning: <linearGradient /> is using incorrect casing. Use PascalCase for React 
components, or lowercase for HTML elements.
    at linearGradient
    at defs
    at div
    at AreaChart (C:/Users/MUDASSIRFAIZMOHAMMED/Downloads/ConsoleSensei Cloud UI Design - 
updated/src/app/pages/__tests__/cost-breakdown-page.test.tsx:2:17)
    at div
    at ResponsiveContainer (C:/Users/MUDASSIRFAIZMOHAMMED/Downloads/ConsoleSensei Cloud UI 
Design - updated/src/app/pages/__tests__/cost-breakdown-page.test.tsx:19:27)
    at div
    at CardContent (C:/Users/MUDASSIRFAIZMOHAMMED/Downloads/ConsoleSensei Cloud UI Design - 
updated/src/app/components/ui/card.tsx:109:24)
    at div
    at Card (C:/Users/MUDASSIRFAIZMOHAMMED/Downloads/ConsoleSensei Cloud UI Design - 
updated/src/app/components/ui/card.tsx:10:17)
    at div
    at div
    at CostBreakdownPage (C:/Users/MUDASSIRFAIZMOHAMMED/Downloads/ConsoleSensei Cloud UI 
Design - updated/src/app/pages/cost-breakdown-page.tsx:99:71)
    at AuthProvider (C:/Users/MUDASSIRFAIZMOHAMMED/Downloads/ConsoleSensei Cloud UI Design - 
updated/src/app/context/auth-context.tsx:14:25)
    at Router (C:\Users\MUDASSIRFAIZMOHAMMED\Downloads\ConsoleSensei Cloud UI Design - 
updated\node_modules\react-router\dist\development\chunk-WICQJKU6.js:9335:13)
    at BrowserRouter (C:\Users\MUDASSIRFAIZMOHAMMED\Downloads\ConsoleSensei Cloud UI Design 
- updated\node_modules\react-router\dist\development\chunk-HMDR2CVH.js:271:3)
    at QueryClientProvider (file:///C:/Users/MUDASSIRFAIZMOHAMMED/Downloads/ConsoleSensei%20C
loud%20UI%20Design%20-%20updated/node_modules/@tanstack/react-query/build/modern/QueryClientP
rovider.js:20:3)
    at AllTheProviders (C:/Users/MUDASSIRFAIZMOHAMMED/Downloads/ConsoleSensei Cloud UI 
Design - updated/src/test/test-utils.tsx:18:28)

[90mstderr[2m | src/app/pages/__tests__/cost-breakdown-page.test.tsx[2m > 
[22m[2mCostBreakdownPage[2m > [22m[2mdisplays cost summary
[22m[39mWarning: <linearGradient /> is using incorrect casing. Use PascalCase for React 
components, or lowercase for HTML elements.
    at linearGradient
    at defs
    at div
    at AreaChart (C:/Users/MUDASSIRFAIZMOHAMMED/Downloads/ConsoleSensei Cloud UI Design - 
updated/src/app/pages/__tests__/cost-breakdown-page.test.tsx:2:17)
    at div
    at ResponsiveContainer (C:/Users/MUDASSIRFAIZMOHAMMED/Downloads/ConsoleSensei Cloud UI 
Design - updated/src/app/pages/__tests__/cost-breakdown-page.test.tsx:19:27)
    at div
    at CardContent (C:/Users/MUDASSIRFAIZMOHAMMED/Downloads/ConsoleSensei Cloud UI Design - 
updated/src/app/components/ui/card.tsx:109:24)
    at div
    at Card (C:/Users/MUDASSIRFAIZMOHAMMED/Downloads/ConsoleSensei Cloud UI Design - 
updated/src/app/components/ui/card.tsx:10:17)
    at div
    at div
    at CostBreakdownPage (C:/Users/MUDASSIRFAIZMOHAMMED/Downloads/ConsoleSensei Cloud UI 
Design - updated/src/app/pages/cost-breakdown-page.tsx:99:71)
    at AuthProvider (C:/Users/MUDASSIRFAIZMOHAMMED/Downloads/ConsoleSensei Cloud UI Design - 
updated/src/app/context/auth-context.tsx:14:25)
    at Router (C:\Users\MUDASSIRFAIZMOHAMMED\Downloads\ConsoleSensei Cloud UI Design - 
updated\node_modules\react-router\dist\development\chunk-WICQJKU6.js:9335:13)
    at BrowserRouter (C:\Users\MUDASSIRFAIZMOHAMMED\Downloads\ConsoleSensei Cloud UI Design 
- updated\node_modules\react-router\dist\development\chunk-HMDR2CVH.js:271:3)
    at QueryClientProvider (file:///C:/Users/MUDASSIRFAIZMOHAMMED/Downloads/ConsoleSensei%20C
loud%20UI%20Design%20-%20updated/node_modules/@tanstack/react-query/build/modern/QueryClientP
rovider.js:20:3)
    at AllTheProviders (C:/Users/MUDASSIRFAIZMOHAMMED/Downloads/ConsoleSensei Cloud UI 
Design - updated/src/test/test-utils.tsx:18:28)

 [32mΓ£ô[39m src/app/pages/__tests__/cost-breakdown-page.test.tsx [2m([22m[2m3 tests[22m[2m)[22m[33m 960[2mms[22m[39m
     [33m[2mΓ£ô[22m[39m renders the page [33m 677[2mms[22m[39m
 [32mΓ£ô[39m src/app/pages/__tests__/multi-account-page.test.tsx [2m([22m[2m3 tests[22m[2m)[22m[33m 691[2mms[22m[39m
     [33m[2mΓ£ô[22m[39m renders the page [33m 448[2mms[22m[39m
[90mstderr[2m | src/app/components/__tests__/theme-toggle.test.tsx[2m > 
[22m[2mThemeToggle[2m > [22m[2mrenders theme toggle button
[22m[39mWarning: Function components cannot be given refs. Attempts to access this ref 
will fail. Did you mean to use React.forwardRef()?

Check the render method of `SlotClone`.
    at Button (C:/Users/MUDASSIRFAIZMOHAMMED/Downloads/ConsoleSensei Cloud UI Design - 
updated/src/app/components/ui/button.tsx:33:3)
    at file:///C:/Users/MUDASSIRFAIZMOHAMMED/Downloads/ConsoleSensei%20Cloud%20UI%20Design%20
-%20updated/node_modules/@radix-ui/react-slot/dist/index.mjs:25:11
    at file:///C:/Users/MUDASSIRFAIZMOHAMMED/Downloads/ConsoleSensei%20Cloud%20UI%20Design%20
-%20updated/node_modules/@radix-ui/react-slot/dist/index.mjs:6:11
    at file:///C:/Users/MUDASSIRFAIZMOHAMMED/Downloads/ConsoleSensei%20Cloud%20UI%20Design%20
-%20updated/node_modules/@radix-ui/react-primitive/dist/index.mjs:26:13
    at file:///C:/Users/MUDASSIRFAIZMOHAMMED/Downloads/ConsoleSensei%20Cloud%20UI%20Design%20
-%20updated/node_modules/@radix-ui/react-slot/dist/index.mjs:25:11
    at file:///C:/Users/MUDASSIRFAIZMOHAMMED/Downloads/ConsoleSensei%20Cloud%20UI%20Design%20
-%20updated/node_modules/@radix-ui/react-slot/dist/index.mjs:6:11
    at file:///C:/Users/MUDASSIRFAIZMOHAMMED/Downloads/ConsoleSensei%20Cloud%20UI%20Design%20
-%20updated/node_modules/@radix-ui/react-primitive/dist/index.mjs:26:13
    at file:///C:/Users/MUDASSIRFAIZMOHAMMED/Downloads/ConsoleSensei%20Cloud%20UI%20Design%20
-%20updated/node_modules/@radix-ui/react-popper/dist/index.mjs:38:13
    at file:///C:/Users/MUDASSIRFAIZMOHAMMED/Downloads/ConsoleSensei%20Cloud%20UI%20Design%20
-%20updated/node_modules/@radix-ui/react-menu/dist/index.mjs:96:13
    at file:///C:/Users/MUDASSIRFAIZMOHAMMED/Downloads/ConsoleSensei%20Cloud%20UI%20Design%20
-%20updated/node_modules/@radix-ui/react-dropdown-menu/dist/index.mjs:57:13
    at DropdownMenuTrigger (C:/Users/MUDASSIRFAIZMOHAMMED/Downloads/ConsoleSensei Cloud UI 
Design - updated/src/app/components/ui/dropdown-menu.tsx:40:6)
    at Provider (file:///C:/Users/MUDASSIRFAIZMOHAMMED/Downloads/ConsoleSensei%20Cloud%20UI%2
0Design%20-%20updated/node_modules/@radix-ui/react-context/dist/index.mjs:27:15)
    at Provider (file:///C:/Users/MUDASSIRFAIZMOHAMMED/Downloads/ConsoleSensei%20Cloud%20UI%2
0Design%20-%20updated/node_modules/@radix-ui/react-context/dist/index.mjs:27:15)
    at Provider (file:///C:/Users/MUDASSIRFAIZMOHAMMED/Downloads/ConsoleSensei%20Cloud%20UI%2
0Design%20-%20updated/node_modules/@radix-ui/react-context/dist/index.mjs:27:15)
    at Popper (file:///C:/Users/MUDASSIRFAIZMOHAMMED/Downloads/ConsoleSensei%20Cloud%20UI%20D
esign%20-%20updated/node_modules/@radix-ui/react-popper/dist/index.mjs:30:11)
    at Menu (file:///C:/Users/MUDASSIRFAIZMOHAMMED/Downloads/ConsoleSensei%20Cloud%20UI%20Des
ign%20-%20updated/node_modules/@radix-ui/react-menu/dist/index.mjs:50:11)
    at Provider (file:///C:/Users/MUDASSIRFAIZMOHAMMED/Downloads/ConsoleSensei%20Cloud%20UI%2
0Design%20-%20updated/node_modules/@radix-ui/react-context/dist/index.mjs:27:15)
    at DropdownMenu (file:///C:/Users/MUDASSIRFAIZMOHAMMED/Downloads/ConsoleSensei%20Cloud%20
UI%20Design%20-%20updated/node_modules/@radix-ui/react-dropdown-menu/dist/index.mjs:23:5)
    at DropdownMenu (C:/Users/MUDASSIRFAIZMOHAMMED/Downloads/ConsoleSensei Cloud UI Design - 
updated/src/app/components/ui/dropdown-menu.tsx:22:6)
    at ThemeToggle (C:/Users/MUDASSIRFAIZMOHAMMED/Downloads/ConsoleSensei Cloud UI Design - 
updated/src/app/components/theme-toggle.tsx:14:63)
    at AuthProvider (C:/Users/MUDASSIRFAIZMOHAMMED/Downloads/ConsoleSensei Cloud UI Design - 
updated/src/app/context/auth-context.tsx:14:25)
    at Router (C:\Users\MUDASSIRFAIZMOHAMMED\Downloads\ConsoleSensei Cloud UI Design - 
updated\node_modules\react-router\dist\development\chunk-WICQJKU6.js:9335:13)
    at BrowserRouter (C:\Users\MUDASSIRFAIZMOHAMMED\Downloads\ConsoleSensei Cloud UI Design 
- updated\node_modules\react-router\dist\development\chunk-HMDR2CVH.js:271:3)
    at QueryClientProvider (file:///C:/Users/MUDASSIRFAIZMOHAMMED/Downloads/ConsoleSensei%20C
loud%20UI%20Design%20-%20updated/node_modules/@tanstack/react-query/build/modern/QueryClientP
rovider.js:20:3)
    at AllTheProviders (C:/Users/MUDASSIRFAIZMOHAMMED/Downloads/ConsoleSensei Cloud UI 
Design - updated/src/test/test-utils.tsx:18:28)
Warning: An update to AuthProvider inside a test was not wrapped in act(...).

When testing, code that causes React state updates should be wrapped into act(...):

act(() => {
  /* fire events that update state */
});
/* assert on the output */

This ensures that you're testing the behavior the user would see in the browser. Learn more 
at https://reactjs.org/link/wrap-tests-with-act
    at AuthProvider (C:/Users/MUDASSIRFAIZMOHAMMED/Downloads/ConsoleSensei Cloud UI Design - 
updated/src/app/context/auth-context.tsx:14:25)
    at Router (C:\Users\MUDASSIRFAIZMOHAMMED\Downloads\ConsoleSensei Cloud UI Design - 
updated\node_modules\react-router\dist\development\chunk-WICQJKU6.js:9335:13)
    at BrowserRouter (C:\Users\MUDASSIRFAIZMOHAMMED\Downloads\ConsoleSensei Cloud UI Design 
- updated\node_modules\react-router\dist\development\chunk-HMDR2CVH.js:271:3)
    at QueryClientProvider (file:///C:/Users/MUDASSIRFAIZMOHAMMED/Downloads/ConsoleSensei%20C
loud%20UI%20Design%20-%20updated/node_modules/@tanstack/react-query/build/modern/QueryClientP
rovider.js:20:3)
    at AllTheProviders (C:/Users/MUDASSIRFAIZMOHAMMED/Downloads/ConsoleSensei Cloud UI 
Design - updated/src/test/test-utils.tsx:18:28)

 [32mΓ£ô[39m src/app/pages/__tests__/security-audit-page.test.tsx [2m([22m[2m3 tests[22m[2m)[22m[33m 1324[2mms[22m[39m
     [33m[2mΓ£ô[22m[39m renders the page [33m 1046[2mms[22m[39m
 [32mΓ£ô[39m src/app/pages/__tests__/team-management-page.test.tsx [2m([22m[2m3 tests[22m[2m)[22m[33m 1011[2mms[22m[39m
     [33m[2mΓ£ô[22m[39m renders the page [33m 826[2mms[22m[39m
 [32mΓ£ô[39m src/app/components/__tests__/theme-toggle.test.tsx [2m([22m[2m2 tests[22m[2m)[22m[33m 1020[2mms[22m[39m
     [33m[2mΓ£ô[22m[39m renders theme toggle button [33m 721[2mms[22m[39m

[2m Test Files [22m [1m[32m12 passed[39m[22m[90m (12)[39m
[2m      Tests [22m [1m[32m92 passed[39m[22m[90m (92)[39m
[2m   Start at [22m 11:26:47
[2m   Duration [22m 13.06s[2m (transform 7.12s, setup 25.01s, import 17.24s, tests 9.12s, environment 78.93s)[22m

